( ●    ) Initializing apk build...[19:03:38] Installing Flutter 3.29.2...                                        
( ●    ) Initializing apk build...           Flutter 3.29.2 installed OK                                         
( ●    ) Initializing apk build...           Installing JDK...                                                   
( ●    ) Initializing apk build...(    ● ) Initializing apk build...(   ●  ) Initializing apk build...(●     ) Initializing apk build...[19:03:39] JDK installed OK                                                    
(   ●  ) Initializing apk build...           Installing Android SDK...                                           
(   ●  ) Initializing apk build...           Android SDK installed OK                                            
(   ●  ) Initializing apk build...           Creating Flutter bootstrap project from                             
           gh:flet-dev/flet-build-template with ref "0.28.3"...                
(   ●  ) Initializing apk build...(    ● ) Initializing apk build...(   ●  ) Initializing apk build...(●     ) Initializing apk build...(    ● ) Initializing apk build...(   ●  ) Initializing apk build...(   ●  ) Initializing apk build...(    ● ) Initializing apk build...(●     ) Initializing apk build...(   ●  ) Initializing apk build...(    ● ) Initializing apk build...(●     ) Initializing apk build...(   ●  ) Initializing apk build...(    ● ) Initializing apk build...(●     ) Initializing apk build...(   ●  ) Initializing apk build...(    ● ) Initializing apk build...[19:03:44] Created Flutter bootstrap project from                              
           gh:flet-dev/flet-build-template with ref "0.28.3" OK                
( ●    ) Initializing apk build...           Packaging Python app...                                             
( ●    ) Initializing apk build...(●     ) Initializing apk build...(   ●  ) Initializing apk build...(    ● ) Initializing apk build...(●     ) Initializing apk build...(   ●  ) Initializing apk build...(   ●  ) Initializing apk build...( ●    ) Initializing apk build...(    ● ) Initializing apk build...( ●    ) Initializing apk build...(   ●  ) Initializing apk build...(   ●  ) Initializing apk build...(    ● ) Initializing apk build...( ●    ) Initializing apk build...(    ● ) Initializing apk build...(    ● ) Initializing apk build...(●     ) Initializing apk build...(   ●  ) Initializing apk build...(●     ) Initializing apk build...(    ● ) Initializing apk build...(   ●  ) Initializing apk build...( ●    ) Initializing apk build...(    ● ) Initializing apk build...(   ●  ) Initializing apk build...(●     ) Initializing apk build...(    ● ) Initializing apk build...(   ●  ) Initializing apk build...( ●    ) Initializing apk build...(    ● ) Initializing apk build...(  ●   ) Initializing apk build...( ●    ) Initializing apk build...(    ● ) Initializing apk build...(●     ) Initializing apk build...(   ●  ) Initializing apk build...(   ●  ) Initializing apk build...(●     ) Initializing apk build...(  ●   ) Initializing apk build...(    ● ) Initializing apk build...( ●    ) Initializing apk build...(   ●  ) Initializing apk build...(    ● ) Initializing apk build...(●     ) Initializing apk build...(    ● ) Initializing apk build...(   ●  ) Initializing apk build...(●     ) Initializing apk build...(  ●   ) Initializing apk build...( ●    ) Initializing apk build...(    ● ) Initializing apk build...(  ●   ) Initializing apk build...( ●    ) Initializing apk build...(    ● ) Initializing apk build...(●     ) Initializing apk build...(   ●  ) Initializing apk build...(   ●  ) Initializing apk build...(●     ) Initializing apk build...(   ●  ) Initializing apk build...(   ●  ) Initializing apk build...(●     ) Initializing apk build...(   ●  ) Initializing apk build...(   ●  ) Initializing apk build...(●     ) Initializing apk build...(   ●  ) Initializing apk build...(   ●  ) Initializing apk build...(●     ) Initializing apk build...(   ●  ) Initializing apk build...(   ●  ) Initializing apk build...(●     ) Initializing apk build...(   ●  ) Initializing apk build...(   ●  ) Initializing apk build...(●     ) Initializing apk build...(    ● ) Initializing apk build...(   ●  ) Initializing apk build...( ●    ) Initializing apk build...(    ● ) Initializing apk build...(   ●  ) Initializing apk build...( ●    ) Initializing apk build...(    ● ) Initializing apk build...(   ●  ) Initializing apk build...( ●    ) Initializing apk build...(    ● ) Initializing apk build...(   ●  ) Initializing apk build...(●     ) Initializing apk build...(    ● ) Initializing apk build...(   ●  ) Initializing apk build...(●     ) Initializing apk build...(    ● ) Initializing apk build...(   ●  ) Initializing apk build...(●     ) Initializing apk build...(    ● ) Initializing apk build...(   ●  ) Initializing apk build...(●     ) Initializing apk build...(   ●  ) Initializing apk build...(  ●   ) Initializing apk build...( ●    ) Initializing apk build...(     ●) Initializing apk build...(  ●   ) Initializing apk build...( ●    ) Initializing apk build...(    ● ) Initializing apk build...(  ●   ) Initializing apk build...( ●    ) Initializing apk build...(    ● ) Initializing apk build...(  ●   ) Initializing apk build...( ●    ) Initializing apk build...(    ● ) Initializing apk build...(  ●   ) Initializing apk build...( ●    ) Initializing apk build...(    ● ) Initializing apk build...(  ●   ) Initializing apk build...( ●    ) Initializing apk build...(    ● ) Initializing apk build...(  ●   ) Initializing apk build...(    ● ) Initializing apk build...(  ●   ) Initializing apk build...( ●    ) Initializing apk build...(    ● ) Initializing apk build...(  ●   ) Initializing apk build...( ●    ) Initializing apk build...(    ● ) Initializing apk build...(  ●   ) Initializing apk build...( ●    ) Initializing apk build...(    ● ) Initializing apk build...(  ●   ) Initializing apk build...( ●    ) Initializing apk build...(    ● ) Initializing apk build...(   ●  ) Initializing apk build...( ●    ) Initializing apk build...(    ● ) Initializing apk build...(   ●  ) Initializing apk build...( ●    ) Initializing apk build...(    ● ) Initializing apk build...(   ●  ) Initializing apk build...(   ●  ) Initializing apk build...(  ●   ) Initializing apk build...(   ●  ) Initializing apk build...(   ●  ) Initializing apk build...( ●    ) Initializing apk build...(    ● ) Initializing apk build...(  ●   ) Initializing apk build...(  ●   ) Initializing apk build...(    ● ) Initializing apk build...(  ●   ) Initializing apk build...(   ●  ) Initializing apk build...(  ●   ) Initializing apk build...(    ● ) Initializing apk build...(  ●   ) Initializing apk build...( ●    ) Initializing apk build...(     ●) Initializing apk build...(  ●   ) Initializing apk build...( ●    ) Initializing apk build...(     ●) Initializing apk build...(  ●   ) Initializing apk build...( ●    ) Initializing apk build...(    ● ) Initializing apk build...(  ●   ) Initializing apk build...( ●    ) Initializing apk build...(    ● ) Initializing apk build...(  ●   ) Initializing apk build...( ●    ) Initializing apk build...(     ●) Initializing apk build...(  ●   ) Initializing apk build...( ●    ) Initializing apk build...(     ●) Initializing apk build...(  ●   ) Initializing apk build...( ●    ) Initializing apk build...(    ● ) Initializing apk build...(  ●   ) Initializing apk build...(    ● ) Initializing apk build...(   ●  ) Initializing apk build...(●     ) Initializing apk build...(    ● ) Initializing apk build...(     ●) Initializing apk build...(  ●   ) Initializing apk build...(   ●  ) Initializing apk build...(    ● ) Initializing apk build...(    ● ) Initializing apk build...(    ● ) Initializing apk build...( ●    ) Initializing apk build...(   ●  ) Initializing apk build...(    ● ) Initializing apk build...( ●    ) Initializing apk build...(   ●  ) Initializing apk build...(    ● ) Initializing apk build...( ●    ) Initializing apk build...(   ●  ) Initializing apk build...(    ● ) Initializing apk build...( ●    ) Initializing apk build...(   ●  ) Initializing apk build...(    ● ) Initializing apk build...( ●    ) Initializing apk build...(   ●  ) Initializing apk build...(    ● ) Initializing apk build...( ●    ) Initializing apk build...(   ●  ) Initializing apk build...(    ● ) Initializing apk build...( ●    ) Initializing apk build...(   ●  ) Initializing apk build...(    ● ) Initializing apk build...( ●    ) Initializing apk build...(   ●  ) Initializing apk build...(    ● ) Initializing apk build...( ●    ) Initializing apk build...(   ●  ) Initializing apk build...(    ● ) Initializing apk build...( ●    ) Initializing apk build...(  ●   ) Initializing apk build...(    ● ) Initializing apk build...( ●    ) Initializing apk build...(  ●   ) Initializing apk build...(    ● ) Initializing apk build...( ●    ) Initializing apk build...(    ● ) Initializing apk build...(  ●   ) Initializing apk build...( ●    ) Initializing apk build...(    ● ) Initializing apk build...( ●    ) Initializing apk build...(   ●  ) Initializing apk build...( ●    ) Initializing apk build...(    ● ) Initializing apk build...(   ●  ) Initializing apk build...(●     ) Initializing apk build...(    ● ) Initializing apk build...(   ●  ) Initializing apk build...(●     ) Initializing apk build...(    ● ) Initializing apk build...(   ●  ) Initializing apk build...(●     ) Initializing apk build...(    ● ) Initializing apk build...(   ●  ) Initializing apk build...(●     ) Initializing apk build...(    ● ) Initializing apk build...(   ●  ) Initializing apk build...(●     ) Initializing apk build...(    ● ) Initializing apk build...(   ●  ) Initializing apk build...(●     ) Initializing apk build...(    ● ) Initializing apk build...(   ●  ) Initializing apk build...(●     ) Initializing apk build...(    ● ) Initializing apk build...(   ●  ) Initializing apk build...(●     ) Initializing apk build...(   ●  ) Initializing apk build...(   ●  ) Initializing apk build...(●     ) Initializing apk build...(   ●  ) Initializing apk build...(   ●  ) Initializing apk build...(●     ) Initializing apk build...(    ● ) Initializing apk build...(   ●  ) Initializing apk build...(●     ) Initializing apk build...(    ● ) Initializing apk build...(   ●  ) Initializing apk build...(●     ) Initializing apk build...(    ● ) Initializing apk build...(   ●  ) Initializing apk build...(●     ) Initializing apk build...(    ● ) Initializing apk build...(     ●) Initializing apk build...(   ●  ) Initializing apk build...(   ●  ) Initializing apk build...(  ●   ) Initializing apk build...(     ●) Initializing apk build...( ●    ) Initializing apk build...(     ●) Initializing apk build...(●     ) Initializing apk build...(   ●  ) Initializing apk build...(   ●  ) Initializing apk build...( ●    ) Initializing apk build...(    ● ) Initializing apk build...(   ●  ) Initializing apk build...( ●    ) Initializing apk build...(     ●) Initializing apk build...(  ●   ) Initializing apk build...[19:05:11] Packaged Python app OK                                              
( ●    ) Initializing apk build...( ●    ) Initializing apk build...(     ●) Initializing apk build...(  ●   ) Initializing apk build...( ●    ) Initializing apk build...(     ●) Initializing apk build...(  ●   ) Initializing apk build...( ●    ) Initializing apk build...(    ● ) Initializing apk build...(  ●   ) Initializing apk build...( ●    ) Initializing apk build...(    ● ) Initializing apk build...[19:05:14] Customizing app icons...                                            
(    ● ) Initializing apk build...           Customized app icons OK                                             
(    ● ) Initializing apk build...           Generating app icons...                                             
(    ● ) Initializing apk build...(  ●   ) Initializing apk build...( ●    ) Initializing apk build...(    ● ) Initializing apk build...(   ●  ) Initializing apk build...( ●    ) Initializing apk build...(    ● ) Initializing apk build...(   ●  ) Initializing apk build...( ●    ) Initializing apk build...(    ● ) Initializing apk build...(   ●  ) Initializing apk build...( ●    ) Initializing apk build...(    ● ) Initializing apk build...(   ●  ) Initializing apk build...(●     ) Initializing apk build...(    ● ) Initializing apk build...(   ●  ) Initializing apk build...(●     ) Initializing apk build...(    ● ) Initializing apk build...(   ●  ) Initializing apk build...(●     ) Initializing apk build...(    ● ) Initializing apk build...(   ●  ) Initializing apk build...(●     ) Initializing apk build...(    ● ) Initializing apk build...( ●    ) Initializing apk build...(    ● ) Initializing apk build...(   ●  ) Initializing apk build...( ●    ) Initializing apk build...(    ● ) Initializing apk build...(   ●  ) Initializing apk build...( ●    ) Initializing apk build...(    ● ) Initializing apk build...(   ●  ) Initializing apk build...( ●    ) Initializing apk build...(    ● ) Initializing apk build...(   ●  ) Initializing apk build...( ●    ) Initializing apk build...(    ● ) Initializing apk build...(  ●   ) Initializing apk build...( ●    ) Initializing apk build...(    ● ) Initializing apk build...(  ●   ) Initializing apk build...( ●    ) Initializing apk build...(    ● ) Initializing apk build...(  ●   ) Initializing apk build...( ●    ) Initializing apk build...(    ● ) Initializing apk build...(  ●   ) Initializing apk build...( ●    ) Initializing apk build...(    ● ) Initializing apk build...(  ●   ) Initializing apk build...( ●    ) Initializing apk build...(    ● ) Initializing apk build...(  ●   ) Initializing apk build...( ●    ) Initializing apk build...(    ● ) Initializing apk build...(   ●  ) Initializing apk build...( ●    ) Initializing apk build...(   ●  ) Initializing apk build...(●     ) Initializing apk build...(    ● ) Initializing apk build...(   ●  ) Initializing apk build...(●     ) Initializing apk build...(   ●  ) Initializing apk build...(   ●  ) Initializing apk build...(●     ) Initializing apk build...(    ● ) Initializing apk build...( ●    ) Initializing apk build...(    ● ) Initializing apk build...(   ●  ) Initializing apk build...( ●    ) Initializing apk build...(    ● ) Initializing apk build...(   ●  ) Initializing apk build...( ●    ) Initializing apk build...(    ● ) Initializing apk build...(   ●  ) Initializing apk build...(●     ) Initializing apk build...(    ● ) Initializing apk build...[19:05:35] Generated app icons OK                                              
(   ●  ) Initializing apk build...(   ●  ) Initializing apk build...           Customizing app splash images...                                    
(   ●  ) Initializing apk build...           Customized app splash images OK                                     
(   ●  ) Initializing apk build...           Generating splash screens...                                        
(  ●   ) Initializing apk build...(●     ) Initializing apk build...(    ● ) Initializing apk build...(   ●  ) Initializing apk build...(  ●   ) Initializing apk build...(    ● ) Initializing apk build...( ●    ) Initializing apk build...(  ●   ) Initializing apk build...(     ●) Initializing apk build...( ●    ) Initializing apk build...(  ●   ) Initializing apk build...(     ●) Initializing apk build...( ●    ) Initializing apk build...(  ●   ) Initializing apk build...(    ● ) Initializing apk build...( ●    ) Initializing apk build...(  ●   ) Initializing apk build...(    ● ) Initializing apk build...( ●    ) Initializing apk build...(  ●   ) Initializing apk build...(    ● ) Initializing apk build...( ●    ) Initializing apk build...(   ●  ) Initializing apk build...(    ● ) Initializing apk build...( ●    ) Initializing apk build...(   ●  ) Initializing apk build...(    ● ) Initializing apk build...(●     ) Initializing apk build...(   ●  ) Initializing apk build...(   ●  ) Initializing apk build...(●     ) Initializing apk build...(   ●  ) Initializing apk build...(    ● ) Initializing apk build...(●     ) Initializing apk build...(   ●  ) Initializing apk build...(   ●  ) Initializing apk build...(●     ) Initializing apk build...(   ●  ) Initializing apk build...(   ●  ) Initializing apk build...(    ● ) Initializing apk build...( ●    ) Initializing apk build...(   ●  ) Initializing apk build...(    ● ) Initializing apk build...( ●    ) Initializing apk build...(   ●  ) Initializing apk build...(    ● ) Initializing apk build...( ●    ) Initializing apk build...(   ●  ) Initializing apk build...(    ● ) Initializing apk build...( ●    ) Initializing apk build...(   ●  ) Initializing apk build...(    ● ) Initializing apk build...( ●    ) Initializing apk build...(   ●  ) Initializing apk build...(    ● ) Initializing apk build...( ●    ) Initializing apk build...(  ●   ) Initializing apk build...(    ● ) Initializing apk build...( ●    ) Initializing apk build...(  ●   ) Initializing apk build...( ●    ) Initializing apk build...(    ● ) Initializing apk build...(  ●   ) Initializing apk build...( ●    ) Initializing apk build...(    ● ) Initializing apk build...(  ●   ) Initializing apk build...( ●    ) Initializing apk build...(    ● ) Initializing apk build...(  ●   ) Initializing apk build...( ●    ) Initializing apk build...(    ● ) Initializing apk build...(  ●   ) Initializing apk build...( ●    ) Initializing apk build...(    ● ) Initializing apk build...(  ●   ) Initializing apk build...( ●    ) Initializing apk build...(    ● ) Initializing apk build...(   ●  ) Initializing apk build...( ●    ) Initializing apk build...(    ● ) Initializing apk build...(   ●  ) Initializing apk build...( ●    ) Initializing apk build...(    ● ) Initializing apk build...(   ●  ) Initializing apk build...(●     ) Initializing apk build...(    ● ) Initializing apk build...(   ●  ) Initializing apk build...(●     ) Initializing apk build...(    ● ) Initializing apk build...(   ●  ) Initializing apk build...(●     ) Initializing apk build...(    ● ) Initializing apk build...(   ●  ) Initializing apk build...(●     ) Initializing apk build...(    ● ) Initializing apk build...(   ●  ) Initializing apk build...(●     ) Initializing apk build...(  ●   ) Initializing apk build...( ●    ) Initializing apk build...(     ●) Initializing apk build...(  ●   ) Initializing apk build...( ●    ) Initializing apk build...(     ●) Initializing apk build...(  ●   ) Initializing apk build...( ●    ) Initializing apk build...(     ●) Initializing apk build...(  ●   ) Initializing apk build...( ●    ) Initializing apk build...(     ●) Initializing apk build...(  ●   ) Initializing apk build...( ●    ) Initializing apk build...[19:06:06] Generated splash screens OK                                         
(    ● ) Initializing apk build...           Building .apk for Android...                                        
(    ● ) Initializing apk build...(     ●) Initializing apk build...(  ●   ) Initializing apk build...( ●    ) Initializing apk build...(     ●) Initializing apk build...(  ●   ) Initializing apk build...( ●    ) Initializing apk build...(     ●) Initializing apk build...(  ●   ) Initializing apk build...( ●    ) Initializing apk build...(     ●) Initializing apk build...(  ●   ) Initializing apk build...(  ●   ) Initializing apk build...(     ●) Initializing apk build...(  ●   ) Initializing apk build...(  ●   ) Initializing apk build...(     ●) Initializing apk build...(  ●   ) Initializing apk build...(  ●   ) Initializing apk build...(     ●) Initializing apk build...(  ●   ) Initializing apk build...(  ●   ) Initializing apk build...(     ●) Initializing apk build...(  ●   ) Initializing apk build...(  ●   ) Initializing apk build...(     ●) Initializing apk build...(  ●   ) Initializing apk build...(  ●   ) Initializing apk build...(    ● ) Initializing apk build...(●     ) Initializing apk build...(   ●  ) Initializing apk build...(    ● ) Initializing apk build...(●     ) Initializing apk build...(   ●  ) Initializing apk build...(    ● ) Initializing apk build...(●     ) Initializing apk build...(   ●  ) Initializing apk build...(    ● ) Initializing apk build...(●     ) Initializing apk build...(   ●  ) Initializing apk build...(    ● ) Initializing apk build...(●     ) Initializing apk build...(   ●  ) Initializing apk build...(    ● ) Initializing apk build...( ●    ) Initializing apk build...(   ●  ) Initializing apk build...(  ●   ) Initializing apk build...(     ●) Initializing apk build...(  ●   ) Initializing apk build...(  ●   ) Initializing apk build...(     ●) Initializing apk build...(  ●   ) Initializing apk build...(  ●   ) Initializing apk build...(     ●) Initializing apk build...(  ●   ) Initializing apk build...(  ●   ) Initializing apk build...(     ●) Initializing apk build...(  ●   ) Initializing apk build...(  ●   ) Initializing apk build...(     ●) Initializing apk build...(  ●   ) Initializing apk build...(  ●   ) Initializing apk build...(     ●) Initializing apk build...(  ●   ) Initializing apk build...(  ●   ) Initializing apk build...(     ●) Initializing apk build...(  ●   ) Initializing apk build...(    ● ) Initializing apk build...(●     ) Initializing apk build...(   ●  ) Initializing apk build...(    ● ) Initializing apk build...(●     ) Initializing apk build...(   ●  ) Initializing apk build...(    ● ) Initializing apk build...(●     ) Initializing apk build...(   ●  ) Initializing apk build...(    ● ) Initializing apk build...(●     ) Initializing apk build...(   ●  ) Initializing apk build...(    ● ) Initializing apk build...( ●    ) Initializing apk build...(   ●  ) Initializing apk build...(    ● ) Initializing apk build...( ●    ) Initializing apk build...(   ●  ) Initializing apk build...(    ● ) Initializing apk build...( ●    ) Initializing apk build...(  ●   ) Initializing apk build...(    ● ) Initializing apk build...( ●    ) Initializing apk build...(  ●   ) Initializing apk build...(    ● ) Initializing apk build...( ●    ) Initializing apk build...(  ●   ) Initializing apk build...(    ● ) Initializing apk build...( ●    ) Initializing apk build...(  ●   ) Initializing apk build...(    ● ) Initializing apk build...( ●    ) Initializing apk build...(   ●  ) Initializing apk build...(●     ) Initializing apk build...(   ●  ) Initializing apk build...(   ●  ) Initializing apk build...(●     ) Initializing apk build...(   ●  ) Initializing apk build...(    ● ) Initializing apk build...(●     ) Initializing apk build...(   ●  ) Initializing apk build...(    ● ) Initializing apk build...(●     ) Initializing apk build...(   ●  ) Initializing apk build...(    ● ) Initializing apk build...(●     ) Initializing apk build...(   ●  ) Initializing apk build...(    ● ) Initializing apk build...(●     ) Initializing apk build...(   ●  ) Initializing apk build...(    ● ) Initializing apk build...(●     ) Initializing apk build...(   ●  ) Initializing apk build...(    ● ) Initializing apk build...( ●    ) Initializing apk build...(   ●  ) Initializing apk build...(    ● ) Initializing apk build...( ●    ) Initializing apk build...(   ●  ) Initializing apk build...(    ● ) Initializing apk build...( ●    ) Initializing apk build...(   ●  ) Initializing apk build...(    ● ) Initializing apk build...( ●    ) Initializing apk build...(  ●   ) Initializing apk build...(    ● ) Initializing apk build...( ●    ) Initializing apk build...(  ●   ) Initializing apk build...(    ● ) Initializing apk build...( ●    ) Initializing apk build...(  ●   ) Initializing apk build...(    ● ) Initializing apk build...( ●    ) Initializing apk build...(  ●   ) Initializing apk build...(     ●) Initializing apk build...( ●    ) Initializing apk build...(  ●   ) Initializing apk build...(     ●) Initializing apk build...( ●    ) Initializing apk build...(  ●   ) Initializing apk build...(     ●) Initializing apk build...(  ●   ) Initializing apk build...(  ●   ) Initializing apk build...(     ●) Initializing apk build...(  ●   ) Initializing apk build...(  ●   ) Initializing apk build...(     ●) Initializing apk build...(  ●   ) Initializing apk build...( ●    ) Initializing apk build...(     ●) Initializing apk build...(  ●   ) Initializing apk build...( ●    ) Initializing apk build...(    ● ) Initializing apk build...(  ●   ) Initializing apk build...(  ●   ) Initializing apk build...(     ●) Initializing apk build...(  ●   ) Initializing apk build...( ●    ) Initializing apk build...(     ●) Initializing apk build...(  ●   ) Initializing apk build...( ●    ) Initializing apk build...(     ●) Initializing apk build...(  ●   ) Initializing apk build...( ●    ) Initializing apk build...(     ●) Initializing apk build...(  ●   ) Initializing apk build...( ●    ) Initializing apk build...(     ●) Initializing apk build...(  ●   ) Initializing apk build...( ●    ) Initializing apk build...(     ●) Initializing apk build...(  ●   ) Initializing apk build...( ●    ) Initializing apk build...(    ● ) Initializing apk build...( ●    ) Initializing apk build...(    ● ) Initializing apk build...(  ●   ) Initializing apk build...( ●    ) Initializing apk build...(    ● ) Initializing apk build...(  ●   ) Initializing apk build...( ●    ) Initializing apk build...(    ● ) Initializing apk build...(  ●   ) Initializing apk build...( ●    ) Initializing apk build...(    ● ) Initializing apk build...(  ●   ) Initializing apk build...( ●    ) Initializing apk build...(    ● ) Initializing apk build...(   ●  ) Initializing apk build...( ●    ) Initializing apk build...(    ● ) Initializing apk build...(   ●  ) Initializing apk build...( ●    ) Initializing apk build...(    ● ) Initializing apk build...(  ●   ) Initializing apk build...( ●    ) Initializing apk build...(    ● ) Initializing apk build...(   ●  ) Initializing apk build...( ●    ) Initializing apk build...(    ● ) Initializing apk build...(   ●  ) Initializing apk build...( ●    ) Initializing apk build...(    ● ) Initializing apk build...(   ●  ) Initializing apk build...( ●    ) Initializing apk build...(    ● ) Initializing apk build...(   ●  ) Initializing apk build...( ●    ) Initializing apk build...(    ● ) Initializing apk build...(   ●  ) Initializing apk build...( ●    ) Initializing apk build...(    ● ) Initializing apk build...(   ●  ) Initializing apk build...( ●    ) Initializing apk build...(    ● ) Initializing apk build...( ●    ) Initializing apk build...(  ●   ) Initializing apk build...(     ●) Initializing apk build...( ●    ) Initializing apk build...(  ●   ) Initializing apk build...(     ●) Initializing apk build...( ●    ) Initializing apk build...(  ●   ) Initializing apk build...(     ●) Initializing apk build...( ●    ) Initializing apk build...(  ●   ) Initializing apk build...(     ●) Initializing apk build...( ●    ) Initializing apk build...(  ●   ) Initializing apk build...(     ●) Initializing apk build...( ●    ) Initializing apk build...(  ●   ) Initializing apk build...(     ●) Initializing apk build...(  ●   ) Initializing apk build...(  ●   ) Initializing apk build...(     ●) Initializing apk build...(   ●  ) Initializing apk build...(    ● ) Initializing apk build...( ●    ) Initializing apk build...(   ●  ) Initializing apk build...(    ● ) Initializing apk build...( ●    ) Initializing apk build...(  ●   ) Initializing apk build...(    ● ) Initializing apk build...( ●    ) Initializing apk build...(  ●   ) Initializing apk build...(    ● ) Initializing apk build...( ●    ) Initializing apk build...(  ●   ) Initializing apk build...(    ● ) Initializing apk build...( ●    ) Initializing apk build...(  ●   ) Initializing apk build...(    ● ) Initializing apk build...( ●    ) Initializing apk build...(  ●   ) Initializing apk build...(    ● ) Initializing apk build...(   ●  ) Initializing apk build...(   ●  ) Initializing apk build...(●     ) Initializing apk build...(   ●  ) Initializing apk build...(   ●  ) Initializing apk build...(    ● ) Initializing apk build...( ●    ) Initializing apk build...(   ●  ) Initializing apk build...(●     ) Initializing apk build...(●     ) Initializing apk build...(   ●  ) Initializing apk build...(    ● ) Initializing apk build...(●     ) Initializing apk build...(   ●  ) Initializing apk build...(   ●  ) Initializing apk build...(●     ) Initializing apk build...(   ●  ) Initializing apk build...(   ●  ) Initializing apk build...(●     ) Initializing apk build...(    ● ) Initializing apk build...(   ●  ) Initializing apk build...(  ●   ) Initializing apk build...(    ● ) Initializing apk build...( ●    ) Initializing apk build...(   ●  ) Initializing apk build...(    ● ) Initializing apk build...( ●    ) Initializing apk build...(   ●  ) Initializing apk build...( ●    ) Initializing apk build...(●     ) Initializing apk build...(    ● ) Initializing apk build...(   ●  ) Initializing apk build...(   ●  ) Initializing apk build...(   ●  ) Initializing apk build...(●     ) Initializing apk build...(    ● ) Initializing apk build...(   ●  ) Initializing apk build...(    ● ) Initializing apk build...(●     ) Initializing apk build...(   ●  ) Initializing apk build...(    ● ) Initializing apk build...(●     ) Initializing apk build...(    ● ) Initializing apk build...(   ●  ) Initializing apk build...( ●    ) Initializing apk build...(    ● ) Initializing apk build...(  ●   ) Initializing apk build...(  ●   ) Initializing apk build...(     ●) Initializing apk build...( ●    ) Initializing apk build...(  ●   ) Initializing apk build...(     ●) Initializing apk build...(●     ) Initializing apk build...(   ●  ) Initializing apk build...(   ●  ) Initializing apk build...(●     ) Initializing apk build...(   ●  ) Initializing apk build...(   ●  ) Initializing apk build...(●     ) Initializing apk build...(   ●  ) Initializing apk build...(   ●  ) Initializing apk build...(●     ) Initializing apk build...(   ●  ) Initializing apk build...(   ●  ) Initializing apk build...(●     ) Initializing apk build...(   ●  ) Initializing apk build...(   ●  ) Initializing apk build...( ●    ) Initializing apk build...(    ● ) Initializing apk build...(  ●   ) Initializing apk build...( ●    ) Initializing apk build...(     ●) Initializing apk build...( ●    ) Initializing apk build...(  ●   ) Initializing apk build...(     ●) Initializing apk build...( ●    ) Initializing apk build...(    ● ) Initializing apk build...(●     ) Initializing apk build...(   ●  ) Initializing apk build...(  ●   ) Initializing apk build...( ●    ) Initializing apk build...(    ● ) Initializing apk build...( ●    ) Initializing apk build...(    ● ) Initializing apk build...(   ●  ) Initializing apk build...( ●    ) Initializing apk build...(    ● ) Initializing apk build...(   ●  ) Initializing apk build...(  ●   ) Initializing apk build...(    ● ) Initializing apk build...( ●    ) Initializing apk build...(  ●   ) Initializing apk build...(  ●   ) Initializing apk build...(●     ) Initializing apk build...(    ● ) Initializing apk build...(  ●   ) Initializing apk build...(    ● ) Initializing apk build...(    ● ) Initializing apk build...(●     ) Initializing apk build...(   ●  ) Initializing apk build...(    ● ) Initializing apk build...( ●    ) Initializing apk build...(   ●  ) Initializing apk build...(    ● ) Initializing apk build...(●     ) Initializing apk build...(    ● ) Initializing apk build...(   ●  ) Initializing apk build...(   ●  ) Initializing apk build...(●     ) Initializing apk build...(    ● ) Initializing apk build...(  ●   ) Initializing apk build...(    ● ) Initializing apk build...( ●    ) Initializing apk build...(  ●   ) Initializing apk build...(   ●  ) Initializing apk build...( ●    ) Initializing apk build...(●     ) Initializing apk build...(    ● ) Initializing apk build...(  ●   ) Initializing apk build...( ●    ) Initializing apk build...(    ● ) Initializing apk build...(  ●   ) Initializing apk build...( ●    ) Initializing apk build...(   ●  ) Initializing apk build...( ●    ) Initializing apk build...(    ● ) Initializing apk build...(   ●  ) Initializing apk build...( ●    ) Initializing apk build...(    ● ) Initializing apk build...( ●    ) Initializing apk build...(     ●) Initializing apk build...(  ●   ) Initializing apk build...( ●    ) Initializing apk build...(    ● ) Initializing apk build...(  ●   ) Initializing apk build...(     ●) Initializing apk build...( ●    ) Initializing apk build...( ●    ) Initializing apk build...(    ● ) Initializing apk build...(  ●   ) Initializing apk build...(    ● ) Initializing apk build...(●     ) Initializing apk build...(     ●) Initializing apk build...( ●    ) Initializing apk build...(    ● ) Initializing apk build...( ●    ) Initializing apk build...(●     ) Initializing apk build...( ●    ) Initializing apk build...( ●    ) Initializing apk build...(    ● ) Initializing apk build...( ●    ) Initializing apk build...(   ●  ) Initializing apk build...( ●    ) Initializing apk build...(    ● ) Initializing apk build...(  ●   ) Initializing apk build...(   ●  ) Initializing apk build...(    ● ) Initializing apk build...(   ●  ) Initializing apk build...(●     ) Initializing apk build...(   ●  ) Initializing apk build...(   ●  ) Initializing apk build...(●     ) Initializing apk build...(●     ) Initializing apk build...(  ●   ) Initializing apk build...(     ●) Initializing apk build...( ●    ) Initializing apk build...(  ●   ) Initializing apk build...(  ●   ) Initializing apk build...(     ●) Initializing apk build...( ●    ) Initializing apk build...(  ●   ) Initializing apk build...(  ●   ) Initializing apk build...(  ●   ) Initializing apk build...( ●    ) Initializing apk build...(    ● ) Initializing apk build...(  ●   ) Initializing apk build...( ●    ) Initializing apk build...(    ● ) Initializing apk build...(  ●   ) Initializing apk build...(    ● ) Initializing apk build...(  ●   ) Initializing apk build...(     ●) Initializing apk build...( ●    ) Initializing apk build...(   ●  ) Initializing apk build...(    ● ) Initializing apk build...( ●    ) Initializing apk build...(  ●   ) Initializing apk build...(    ● ) Initializing apk build...( ●    ) Initializing apk build...(  ●   ) Initializing apk build...(    ● ) Initializing apk build...( ●    ) Initializing apk build...(  ●   ) Initializing apk build...(    ● ) Initializing apk build...( ●    ) Initializing apk build...(   ●  ) Initializing apk build...(  ●   ) Initializing apk build...(   ●  ) Initializing apk build...( ●    ) Initializing apk build...(  ●   ) Initializing apk build...( ●    ) Initializing apk build...(     ●) Initializing apk build...(   ●  ) Initializing apk build...(  ●   ) Initializing apk build...(     ●) Initializing apk build...(●     ) Initializing apk build...(    ● ) Initializing apk build...(   ●  ) Initializing apk build...( ●    ) Initializing apk build...(  ●   ) Initializing apk build...(  ●   ) Initializing apk build...(    ● ) Initializing apk build...(  ●   ) Initializing apk build...(     ●) Initializing apk build...( ●    ) Initializing apk build...(  ●   ) Initializing apk build...(     ●) Initializing apk build...( ●    ) Initializing apk build...(     ●) Initializing apk build...(  ●   ) Initializing apk build...( ●    ) Initializing apk build...(    ● ) Initializing apk build...(●     ) Initializing apk build...[19:09:50] Built .apk for Android OK                                           
(●     ) Initializing apk build...           Copying build to build\apk directory...                             
(●     ) Initializing apk build...           Copied build to build\apk directory OK                              
(●     ) Initializing apk build...┌─────────────────────────────────────────────────────────────────────────────┐
│ Successfully built your .apk for Android!  Find it in build\apk directory.  │
└─────────────────────────────────────────────────────────────────────────────┘┌─────────────────────────────────────────────────────────────────────────────┐
│ Successfully built your .apk for Android!  Find it in build\apk directory.  │
└─────────────────────────────────────────────────────────────────────────────┘
